2026-03-09 17:57:38,066 ERROR root AnyIO worker thread : Tile generation failed for 13/6687/3374
Traceback (most recent call last):
  File "D:\GIS_Project\.venv\Lib\site-packages\numpy\_core\fromnumeric.py", line 54, in _wrapfunc
    return bound(*args, **kwds)
           ^^^^^^^^^^^^^^^^^^^^
  File "D:\GIS_Project\.venv\Lib\site-packages\numpy\_core\_methods.py", line 113, in _clip
    return um.clip(a, min, max, out=out, **kwargs)
           ^^^^^^^^^^^^^^^^^^^^^^^^^^^^^^^^^^^^^^^
numpy._core._exceptions._UFuncInputCastingError: Cannot cast ufunc 'clip' input 1 from dtype('<U2') to dtype('float64') with casting rule 'same_kind'

During handling of the above exception, another exception occurred:

Traceback (most recent call last):
  File "D:\GIS_Project\backend\main.py", line 111, in get_tile
    img.rescale(in_range=(("2%", "98%"),))
  File "D:\GIS_Project\.venv\Lib\site-packages\rio_tiler\models.py", line 602, in rescale
    self.array = rescale_image(
                 ^^^^^^^^^^^^^^
  File "D:\GIS_Project\.venv\Lib\site-packages\rio_tiler\models.py", line 120, in rescale_image
    linear_rescale(
  File "D:\GIS_Project\.venv\Lib\site-packages\rio_tiler\utils.py", line 512, in linear_rescale
    im = numpy.clip(image, imin, imax, dtype=numpy.float64) - imin
         ^^^^^^^^^^^^^^^^^^^^^^^^^^^^^^^^^^^^^^^^^^^^^^^^^^
  File "D:\GIS_Project\.venv\Lib\site-packages\numpy\_core\fromnumeric.py", line 2296, in clip
    return _wrapfunc(a, 'clip', a_min, a_max, out=out, **kwargs)
           ^^^^^^^^^^^^^^^^^^^^^^^^^^^^^^^^^^^^^^^^^^^^^^^^^^^^^
  File "D:\GIS_Project\.venv\Lib\site-packages\numpy\_core\fromnumeric.py", line 63, in _wrapfunc
    return _wrapit(obj, method, *args, **kwds)
           ^^^^^^^^^^^^^^^^^^^^^^^^^^^^^^^^^^^
  File "D:\GIS_Project\.venv\Lib\site-packages\numpy\_core\fromnumeric.py", line 43, in _wrapit
    result = getattr(arr, method)(*args, **kwds)
             ^^^^^^^^^^^^^^^^^^^^^^^^^^^^^^^^^^^
  File "D:\GIS_Project\.venv\Lib\site-packages\numpy\_core\_methods.py", line 113, in _clip
    return um.clip(a, min, max, out=out, **kwargs)
           ^^^^^^^^^^^^^^^^^^^^^^^^^^^^^^^^^^^^^^^
numpy._core._exceptions._UFuncInputCastingError: Cannot cast ufunc 'clip' input 1 from dtype('<U2') to dtype('float64') with casting rule 'same_kind'
2026-03-09 17:57:38,073 ERROR root AnyIO worker thread : Tile generation failed for 13/6685/3374
Traceback (most recent call last):
  File "D:\GIS_Project\.venv\Lib\site-packages\numpy\_core\fromnumeric.py", line 54, in _wrapfunc
    return bound(*args, **kwds)
           ^^^^^^^^^^^^^^^^^^^^
  File "D:\GIS_Project\.venv\Lib\site-packages\numpy\_core\_methods.py", line 113, in _clip
    return um.clip(a, min, max, out=out, **kwargs)
           ^^^^^^^^^^^^^^^^^^^^^^^^^^^^^^^^^^^^^^^
numpy._core._exceptions._UFuncInputCastingError: Cannot cast ufunc 'clip' input 1 from dtype('<U2') to dtype('float64') with casting rule 'same_kind'

During handling of the above exception, another exception occurred:

Traceback (most recent call last):
  File "D:\GIS_Project\backend\main.py", line 111, in get_tile
    img.rescale(in_range=(("2%", "98%"),))
  File "D:\GIS_Project\.venv\Lib\site-packages\rio_tiler\models.py", line 602, in rescale
    self.array = rescale_image(
                 ^^^^^^^^^^^^^^
  File "D:\GIS_Project\.venv\Lib\site-packages\rio_tiler\models.py", line 120, in rescale_image
    linear_rescale(
  File "D:\GIS_Project\.venv\Lib\site-packages\rio_tiler\utils.py", line 512, in linear_rescale
    im = numpy.clip(image, imin, imax, dtype=numpy.float64) - imin
         ^^^^^^^^^^^^^^^^^^^^^^^^^^^^^^^^^^^^^^^^^^^^^^^^^^
  File "D:\GIS_Project\.venv\Lib\site-packages\numpy\_core\fromnumeric.py", line 2296, in clip
    return _wrapfunc(a, 'clip', a_min, a_max, out=out, **kwargs)
           ^^^^^^^^^^^^^^^^^^^^^^^^^^^^^^^^^^^^^^^^^^^^^^^^^^^^^
  File "D:\GIS_Project\.venv\Lib\site-packages\numpy\_core\fromnumeric.py", line 63, in _wrapfunc
    return _wrapit(obj, method, *args, **kwds)
           ^^^^^^^^^^^^^^^^^^^^^^^^^^^^^^^^^^^
  File "D:\GIS_Project\.venv\Lib\site-packages\numpy\_core\fromnumeric.py", line 43, in _wrapit
    result = getattr(arr, method)(*args, **kwds)
             ^^^^^^^^^^^^^^^^^^^^^^^^^^^^^^^^^^^
  File "D:\GIS_Project\.venv\Lib\site-packages\numpy\_core\_methods.py", line 113, in _clip
    return um.clip(a, min, max, out=out, **kwargs)
           ^^^^^^^^^^^^^^^^^^^^^^^^^^^^^^^^^^^^^^^
numpy._core._exceptions._UFuncInputCastingError: Cannot cast ufunc 'clip' input 1 from dtype('<U2') to dtype('float64') with casting rule 'same_kind'
2026-03-09 17:57:38,079 ERROR root AnyIO worker thread : Tile generation failed for 13/6686/3375
Traceback (most recent call last):
  File "D:\GIS_Project\.venv\Lib\site-packages\numpy\_core\fromnumeric.py", line 54, in _wrapfunc
    return bound(*args, **kwds)
           ^^^^^^^^^^^^^^^^^^^^
  File "D:\GIS_Project\.venv\Lib\site-packages\numpy\_core\_methods.py", line 113, in _clip
    return um.clip(a, min, max, out=out, **kwargs)
           ^^^^^^^^^^^^^^^^^^^^^^^^^^^^^^^^^^^^^^^
numpy._core._exceptions._UFuncInputCastingError: Cannot cast ufunc 'clip' input 1 from dtype('<U2') to dtype('float64') with casting rule 'same_kind'

During handling of the above exception, another exception occurred:

Traceback (most recent call last):
  File "D:\GIS_Project\backend\main.py", line 111, in get_tile
    img.rescale(in_range=(("2%", "98%"),))
  File "D:\GIS_Project\.venv\Lib\site-packages\rio_tiler\models.py", line 602, in rescale
    self.array = rescale_image(
                 ^^^^^^^^^^^^^^
  File "D:\GIS_Project\.venv\Lib\site-packages\rio_tiler\models.py", line 120, in rescale_image
    linear_rescale(
  File "D:\GIS_Project\.venv\Lib\site-packages\rio_tiler\utils.py", line 512, in linear_rescale
    im = numpy.clip(image, imin, imax, dtype=numpy.float64) - imin
         ^^^^^^^^^^^^^^^^^^^^^^^^^^^^^^^^^^^^^^^^^^^^^^^^^^
  File "D:\GIS_Project\.venv\Lib\site-packages\numpy\_core\fromnumeric.py", line 2296, in clip
    return _wrapfunc(a, 'clip', a_min, a_max, out=out, **kwargs)
           ^^^^^^^^^^^^^^^^^^^^^^^^^^^^^^^^^^^^^^^^^^^^^^^^^^^^^
  File "D:\GIS_Project\.venv\Lib\site-packages\numpy\_core\fromnumeric.py", line 63, in _wrapfunc
    return _wrapit(obj, method, *args, **kwds)
           ^^^^^^^^^^^^^^^^^^^^^^^^^^^^^^^^^^^
  File "D:\GIS_Project\.venv\Lib\site-packages\numpy\_core\fromnumeric.py", line 43, in _wrapit
    result = getattr(arr, method)(*args, **kwds)
             ^^^^^^^^^^^^^^^^^^^^^^^^^^^^^^^^^^^
  File "D:\GIS_Project\.venv\Lib\site-packages\numpy\_core\_methods.py", line 113, in _clip
    return um.clip(a, min, max, out=out, **kwargs)
           ^^^^^^^^^^^^^^^^^^^^^^^^^^^^^^^^^^^^^^^
numpy._core._exceptions._UFuncInputCastingError: Cannot cast ufunc 'clip' input 1 from dtype('<U2') to dtype('float64') with casting rule 'same_kind'
2026-03-09 17:57:38,085 ERROR root AnyIO worker thread : Tile generation failed for 13/6686/3374
Traceback (most recent call last):
  File "D:\GIS_Project\.venv\Lib\site-packages\numpy\_core\fromnumeric.py", line 54, in _wrapfunc
    return bound(*args, **kwds)
           ^^^^^^^^^^^^^^^^^^^^
  File "D:\GIS_Project\.venv\Lib\site-packages\numpy\_core\_methods.py", line 113, in _clip
    return um.clip(a, min, max, out=out, **kwargs)
           ^^^^^^^^^^^^^^^^^^^^^^^^^^^^^^^^^^^^^^^
numpy._core._exceptions._UFuncInputCastingError: Cannot cast ufunc 'clip' input 1 from dtype('<U2') to dtype('float64') with casting rule 'same_kind'

During handling of the above exception, another exception occurred:

Traceback (most recent call last):
  File "D:\GIS_Project\backend\main.py", line 111, in get_tile
    img.rescale(in_range=(("2%", "98%"),))
  File "D:\GIS_Project\.venv\Lib\site-packages\rio_tiler\models.py", line 602, in rescale
    self.array = rescale_image(
                 ^^^^^^^^^^^^^^
  File "D:\GIS_Project\.venv\Lib\site-packages\rio_tiler\models.py", line 120, in rescale_image
    linear_rescale(
  File "D:\GIS_Project\.venv\Lib\site-packages\rio_tiler\utils.py", line 512, in linear_rescale
    im = numpy.clip(image, imin, imax, dtype=numpy.float64) - imin
         ^^^^^^^^^^^^^^^^^^^^^^^^^^^^^^^^^^^^^^^^^^^^^^^^^^
  File "D:\GIS_Project\.venv\Lib\site-packages\numpy\_core\fromnumeric.py", line 2296, in clip
    return _wrapfunc(a, 'clip', a_min, a_max, out=out, **kwargs)
           ^^^^^^^^^^^^^^^^^^^^^^^^^^^^^^^^^^^^^^^^^^^^^^^^^^^^^
  File "D:\GIS_Project\.venv\Lib\site-packages\numpy\_core\fromnumeric.py", line 63, in _wrapfunc
    return _wrapit(obj, method, *args, **kwds)
           ^^^^^^^^^^^^^^^^^^^^^^^^^^^^^^^^^^^
  File "D:\GIS_Project\.venv\Lib\site-packages\numpy\_core\fromnumeric.py", line 43, in _wrapit
    result = getattr(arr, method)(*args, **kwds)
             ^^^^^^^^^^^^^^^^^^^^^^^^^^^^^^^^^^^
  File "D:\GIS_Project\.venv\Lib\site-packages\numpy\_core\_methods.py", line 113, in _clip
    return um.clip(a, min, max, out=out, **kwargs)
           ^^^^^^^^^^^^^^^^^^^^^^^^^^^^^^^^^^^^^^^
numpy._core._exceptions._UFuncInputCastingError: Cannot cast ufunc 'clip' input 1 from dtype('<U2') to dtype('float64') with casting rule 'same_kind'
2026-03-09 17:57:38,097 ERROR root AnyIO worker thread : Tile generation failed for 13/6685/3375
Traceback (most recent call last):
  File "D:\GIS_Project\.venv\Lib\site-packages\numpy\_core\fromnumeric.py", line 54, in _wrapfunc
    return bound(*args, **kwds)
           ^^^^^^^^^^^^^^^^^^^^
  File "D:\GIS_Project\.venv\Lib\site-packages\numpy\_core\_methods.py", line 113, in _clip
    return um.clip(a, min, max, out=out, **kwargs)
           ^^^^^^^^^^^^^^^^^^^^^^^^^^^^^^^^^^^^^^^
numpy._core._exceptions._UFuncInputCastingError: Cannot cast ufunc 'clip' input 1 from dtype('<U2') to dtype('float64') with casting rule 'same_kind'

During handling of the above exception, another exception occurred:

Traceback (most recent call last):
  File "D:\GIS_Project\backend\main.py", line 111, in get_tile
    img.rescale(in_range=(("2%", "98%"),))
  File "D:\GIS_Project\.venv\Lib\site-packages\rio_tiler\models.py", line 602, in rescale
    self.array = rescale_image(
                 ^^^^^^^^^^^^^^
  File "D:\GIS_Project\.venv\Lib\site-packages\rio_tiler\models.py", line 120, in rescale_image
    linear_rescale(
  File "D:\GIS_Project\.venv\Lib\site-packages\rio_tiler\utils.py", line 512, in linear_rescale
    im = numpy.clip(image, imin, imax, dtype=numpy.float64) - imin
         ^^^^^^^^^^^^^^^^^^^^^^^^^^^^^^^^^^^^^^^^^^^^^^^^^^
  File "D:\GIS_Project\.venv\Lib\site-packages\numpy\_core\fromnumeric.py", line 2296, in clip
    return _wrapfunc(a, 'clip', a_min, a_max, out=out, **kwargs)
           ^^^^^^^^^^^^^^^^^^^^^^^^^^^^^^^^^^^^^^^^^^^^^^^^^^^^^
  File "D:\GIS_Project\.venv\Lib\site-packages\numpy\_core\fromnumeric.py", line 63, in _wrapfunc
    return _wrapit(obj, method, *args, **kwds)
           ^^^^^^^^^^^^^^^^^^^^^^^^^^^^^^^^^^^
  File "D:\GIS_Project\.venv\Lib\site-packages\numpy\_core\fromnumeric.py", line 43, in _wrapit
    result = getattr(arr, method)(*args, **kwds)
             ^^^^^^^^^^^^^^^^^^^^^^^^^^^^^^^^^^^
  File "D:\GIS_Project\.venv\Lib\site-packages\numpy\_core\_methods.py", line 113, in _clip
    return um.clip(a, min, max, out=out, **kwargs)
           ^^^^^^^^^^^^^^^^^^^^^^^^^^^^^^^^^^^^^^^
numpy._core._exceptions._UFuncInputCastingError: Cannot cast ufunc 'clip' input 1 from dtype('<U2') to dtype('float64') with casting rule 'same_kind'
2026-03-09 17:57:38,126 ERROR root AnyIO worker thread : Tile generation failed for 13/6687/3375
Traceback (most recent call last):
  File "D:\GIS_Project\.venv\Lib\site-packages\numpy\_core\fromnumeric.py", line 54, in _wrapfunc
    return bound(*args, **kwds)
           ^^^^^^^^^^^^^^^^^^^^
  File "D:\GIS_Project\.venv\Lib\site-packages\numpy\_core\_methods.py", line 113, in _clip
    return um.clip(a, min, max, out=out, **kwargs)
           ^^^^^^^^^^^^^^^^^^^^^^^^^^^^^^^^^^^^^^^
numpy._core._exceptions._UFuncInputCastingError: Cannot cast ufunc 'clip' input 1 from dtype('<U2') to dtype('float64') with casting rule 'same_kind'

During handling of the above exception, another exception occurred:

Traceback (most recent call last):
  File "D:\GIS_Project\backend\main.py", line 111, in get_tile
    img.rescale(in_range=(("2%", "98%"),))
  File "D:\GIS_Project\.venv\Lib\site-packages\rio_tiler\models.py", line 602, in rescale
    self.array = rescale_image(
                 ^^^^^^^^^^^^^^
  File "D:\GIS_Project\.venv\Lib\site-packages\rio_tiler\models.py", line 120, in rescale_image
    linear_rescale(
  File "D:\GIS_Project\.venv\Lib\site-packages\rio_tiler\utils.py", line 512, in linear_rescale
    im = numpy.clip(image, imin, imax, dtype=numpy.float64) - imin
         ^^^^^^^^^^^^^^^^^^^^^^^^^^^^^^^^^^^^^^^^^^^^^^^^^^
  File "D:\GIS_Project\.venv\Lib\site-packages\numpy\_core\fromnumeric.py", line 2296, in clip
    return _wrapfunc(a, 'clip', a_min, a_max, out=out, **kwargs)
           ^^^^^^^^^^^^^^^^^^^^^^^^^^^^^^^^^^^^^^^^^^^^^^^^^^^^^
  File "D:\GIS_Project\.venv\Lib\site-packages\numpy\_core\fromnumeric.py", line 63, in _wrapfunc
    return _wrapit(obj, method, *args, **kwds)
           ^^^^^^^^^^^^^^^^^^^^^^^^^^^^^^^^^^^
  File "D:\GIS_Project\.venv\Lib\site-packages\numpy\_core\fromnumeric.py", line 43, in _wrapit
    result = getattr(arr, method)(*args, **kwds)
             ^^^^^^^^^^^^^^^^^^^^^^^^^^^^^^^^^^^
  File "D:\GIS_Project\.venv\Lib\site-packages\numpy\_core\_methods.py", line 113, in _clip
    return um.clip(a, min, max, out=out, **kwargs)
           ^^^^^^^^^^^^^^^^^^^^^^^^^^^^^^^^^^^^^^^
numpy._core._exceptions._UFuncInputCastingError: Cannot cast ufunc 'clip' input 1 from dtype('<U2') to dtype('float64') with casting rule 'same_kind'
2026-03-09 17:57:38,212 ERROR root AnyIO worker thread : Tile generation failed for 13/6686/3376
Traceback (most recent call last):
  File "D:\GIS_Project\.venv\Lib\site-packages\numpy\_core\fromnumeric.py", line 54, in _wrapfunc
    return bound(*args, **kwds)
           ^^^^^^^^^^^^^^^^^^^^
  File "D:\GIS_Project\.venv\Lib\site-packages\numpy\_core\_methods.py", line 113, in _clip
    return um.clip(a, min, max, out=out, **kwargs)
           ^^^^^^^^^^^^^^^^^^^^^^^^^^^^^^^^^^^^^^^
numpy._core._exceptions._UFuncInputCastingError: Cannot cast ufunc 'clip' input 1 from dtype('<U2') to dtype('float64') with casting rule 'same_kind'

During handling of the above exception, another exception occurred:

Traceback (most recent call last):
  File "D:\GIS_Project\backend\main.py", line 111, in get_tile
    img.rescale(in_range=(("2%", "98%"),))
  File "D:\GIS_Project\.venv\Lib\site-packages\rio_tiler\models.py", line 602, in rescale
    self.array = rescale_image(
                 ^^^^^^^^^^^^^^
  File "D:\GIS_Project\.venv\Lib\site-packages\rio_tiler\models.py", line 120, in rescale_image
    linear_rescale(
  File "D:\GIS_Project\.venv\Lib\site-packages\rio_tiler\utils.py", line 512, in linear_rescale
    im = numpy.clip(image, imin, imax, dtype=numpy.float64) - imin
         ^^^^^^^^^^^^^^^^^^^^^^^^^^^^^^^^^^^^^^^^^^^^^^^^^^
  File "D:\GIS_Project\.venv\Lib\site-packages\numpy\_core\fromnumeric.py", line 2296, in clip
    return _wrapfunc(a, 'clip', a_min, a_max, out=out, **kwargs)
           ^^^^^^^^^^^^^^^^^^^^^^^^^^^^^^^^^^^^^^^^^^^^^^^^^^^^^
  File "D:\GIS_Project\.venv\Lib\site-packages\numpy\_core\fromnumeric.py", line 63, in _wrapfunc
    return _wrapit(obj, method, *args, **kwds)
           ^^^^^^^^^^^^^^^^^^^^^^^^^^^^^^^^^^^
  File "D:\GIS_Project\.venv\Lib\site-packages\numpy\_core\fromnumeric.py", line 43, in _wrapit
    result = getattr(arr, method)(*args, **kwds)
             ^^^^^^^^^^^^^^^^^^^^^^^^^^^^^^^^^^^
  File "D:\GIS_Project\.venv\Lib\site-packages\numpy\_core\_methods.py", line 113, in _clip
    return um.clip(a, min, max, out=out, **kwargs)
           ^^^^^^^^^^^^^^^^^^^^^^^^^^^^^^^^^^^^^^^
numpy._core._exceptions._UFuncInputCastingError: Cannot cast ufunc 'clip' input 1 from dtype('<U2') to dtype('float64') with casting rule 'same_kind'
2026-03-09 17:57:38,261 ERROR root AnyIO worker thread : Tile generation failed for 13/6685/3376
Traceback (most recent call last):
  File "D:\GIS_Project\.venv\Lib\site-packages\numpy\_core\fromnumeric.py", line 54, in _wrapfunc
    return bound(*args, **kwds)
           ^^^^^^^^^^^^^^^^^^^^
  File "D:\GIS_Project\.venv\Lib\site-packages\numpy\_core\_methods.py", line 113, in _clip
    return um.clip(a, min, max, out=out, **kwargs)
           ^^^^^^^^^^^^^^^^^^^^^^^^^^^^^^^^^^^^^^^
numpy._core._exceptions._UFuncInputCastingError: Cannot cast ufunc 'clip' input 1 from dtype('<U2') to dtype('float64') with casting rule 'same_kind'

During handling of the above exception, another exception occurred:

Traceback (most recent call last):
  File "D:\GIS_Project\backend\main.py", line 111, in get_tile
    img.rescale(in_range=(("2%", "98%"),))
  File "D:\GIS_Project\.venv\Lib\site-packages\rio_tiler\models.py", line 602, in rescale
    self.array = rescale_image(
                 ^^^^^^^^^^^^^^
  File "D:\GIS_Project\.venv\Lib\site-packages\rio_tiler\models.py", line 120, in rescale_image
    linear_rescale(
  File "D:\GIS_Project\.venv\Lib\site-packages\rio_tiler\utils.py", line 512, in linear_rescale
    im = numpy.clip(image, imin, imax, dtype=numpy.float64) - imin
         ^^^^^^^^^^^^^^^^^^^^^^^^^^^^^^^^^^^^^^^^^^^^^^^^^^
  File "D:\GIS_Project\.venv\Lib\site-packages\numpy\_core\fromnumeric.py", line 2296, in clip
    return _wrapfunc(a, 'clip', a_min, a_max, out=out, **kwargs)
           ^^^^^^^^^^^^^^^^^^^^^^^^^^^^^^^^^^^^^^^^^^^^^^^^^^^^^
  File "D:\GIS_Project\.venv\Lib\site-packages\numpy\_core\fromnumeric.py", line 63, in _wrapfunc
    return _wrapit(obj, method, *args, **kwds)
           ^^^^^^^^^^^^^^^^^^^^^^^^^^^^^^^^^^^
  File "D:\GIS_Project\.venv\Lib\site-packages\numpy\_core\fromnumeric.py", line 43, in _wrapit
    result = getattr(arr, method)(*args, **kwds)
             ^^^^^^^^^^^^^^^^^^^^^^^^^^^^^^^^^^^
  File "D:\GIS_Project\.venv\Lib\site-packages\numpy\_core\_methods.py", line 113, in _clip
    return um.clip(a, min, max, out=out, **kwargs)
           ^^^^^^^^^^^^^^^^^^^^^^^^^^^^^^^^^^^^^^^
numpy._core._exceptions._UFuncInputCastingError: Cannot cast ufunc 'clip' input 1 from dtype('<U2') to dtype('float64') with casting rule 'same_kind'
2026-03-09 17:57:38,280 ERROR root AnyIO worker thread : Tile generation failed for 13/6686/3373
Traceback (most recent call last):
  File "D:\GIS_Project\.venv\Lib\site-packages\numpy\_core\fromnumeric.py", line 54, in _wrapfunc
    return bound(*args, **kwds)
           ^^^^^^^^^^^^^^^^^^^^
  File "D:\GIS_Project\.venv\Lib\site-packages\numpy\_core\_methods.py", line 113, in _clip
    return um.clip(a, min, max, out=out, **kwargs)
           ^^^^^^^^^^^^^^^^^^^^^^^^^^^^^^^^^^^^^^^
numpy._core._exceptions._UFuncInputCastingError: Cannot cast ufunc 'clip' input 1 from dtype('<U2') to dtype('float64') with casting rule 'same_kind'

During handling of the above exception, another exception occurred:

Traceback (most recent call last):
  File "D:\GIS_Project\backend\main.py", line 111, in get_tile
    img.rescale(in_range=(("2%", "98%"),))
  File "D:\GIS_Project\.venv\Lib\site-packages\rio_tiler\models.py", line 602, in rescale
    self.array = rescale_image(
                 ^^^^^^^^^^^^^^
  File "D:\GIS_Project\.venv\Lib\site-packages\rio_tiler\models.py", line 120, in rescale_image
    linear_rescale(
  File "D:\GIS_Project\.venv\Lib\site-packages\rio_tiler\utils.py", line 512, in linear_rescale
    im = numpy.clip(image, imin, imax, dtype=numpy.float64) - imin
         ^^^^^^^^^^^^^^^^^^^^^^^^^^^^^^^^^^^^^^^^^^^^^^^^^^
  File "D:\GIS_Project\.venv\Lib\site-packages\numpy\_core\fromnumeric.py", line 2296, in clip
    return _wrapfunc(a, 'clip', a_min, a_max, out=out, **kwargs)
           ^^^^^^^^^^^^^^^^^^^^^^^^^^^^^^^^^^^^^^^^^^^^^^^^^^^^^
  File "D:\GIS_Project\.venv\Lib\site-packages\numpy\_core\fromnumeric.py", line 63, in _wrapfunc
    return _wrapit(obj, method, *args, **kwds)
           ^^^^^^^^^^^^^^^^^^^^^^^^^^^^^^^^^^^
  File "D:\GIS_Project\.venv\Lib\site-packages\numpy\_core\fromnumeric.py", line 43, in _wrapit
    result = getattr(arr, method)(*args, **kwds)
             ^^^^^^^^^^^^^^^^^^^^^^^^^^^^^^^^^^^
  File "D:\GIS_Project\.venv\Lib\site-packages\numpy\_core\_methods.py", line 113, in _clip
    return um.clip(a, min, max, out=out, **kwargs)
           ^^^^^^^^^^^^^^^^^^^^^^^^^^^^^^^^^^^^^^^
numpy._core._exceptions._UFuncInputCastingError: Cannot cast ufunc 'clip' input 1 from dtype('<U2') to dtype('float64') with casting rule 'same_kind'
2026-03-09 17:57:38,316 ERROR root AnyIO worker thread : Tile generation failed for 13/6685/3373
Traceback (most recent call last):
  File "D:\GIS_Project\.venv\Lib\site-packages\numpy\_core\fromnumeric.py", line 54, in _wrapfunc
    return bound(*args, **kwds)
           ^^^^^^^^^^^^^^^^^^^^
  File "D:\GIS_Project\.venv\Lib\site-packages\numpy\_core\_methods.py", line 113, in _clip
    return um.clip(a, min, max, out=out, **kwargs)
           ^^^^^^^^^^^^^^^^^^^^^^^^^^^^^^^^^^^^^^^
numpy._core._exceptions._UFuncInputCastingError: Cannot cast ufunc 'clip' input 1 from dtype('<U2') to dtype('float64') with casting rule 'same_kind'

During handling of the above exception, another exception occurred:

Traceback (most recent call last):
  File "D:\GIS_Project\backend\main.py", line 111, in get_tile
    img.rescale(in_range=(("2%", "98%"),))
  File "D:\GIS_Project\.venv\Lib\site-packages\rio_tiler\models.py", line 602, in rescale
    self.array = rescale_image(
                 ^^^^^^^^^^^^^^
  File "D:\GIS_Project\.venv\Lib\site-packages\rio_tiler\models.py", line 120, in rescale_image
    linear_rescale(
  File "D:\GIS_Project\.venv\Lib\site-packages\rio_tiler\utils.py", line 512, in linear_rescale
    im = numpy.clip(image, imin, imax, dtype=numpy.float64) - imin
         ^^^^^^^^^^^^^^^^^^^^^^^^^^^^^^^^^^^^^^^^^^^^^^^^^^
  File "D:\GIS_Project\.venv\Lib\site-packages\numpy\_core\fromnumeric.py", line 2296, in clip
    return _wrapfunc(a, 'clip', a_min, a_max, out=out, **kwargs)
           ^^^^^^^^^^^^^^^^^^^^^^^^^^^^^^^^^^^^^^^^^^^^^^^^^^^^^
  File "D:\GIS_Project\.venv\Lib\site-packages\numpy\_core\fromnumeric.py", line 63, in _wrapfunc
    return _wrapit(obj, method, *args, **kwds)
           ^^^^^^^^^^^^^^^^^^^^^^^^^^^^^^^^^^^
  File "D:\GIS_Project\.venv\Lib\site-packages\numpy\_core\fromnumeric.py", line 43, in _wrapit
    result = getattr(arr, method)(*args, **kwds)
             ^^^^^^^^^^^^^^^^^^^^^^^^^^^^^^^^^^^
  File "D:\GIS_Project\.venv\Lib\site-packages\numpy\_core\_methods.py", line 113, in _clip
    return um.clip(a, min, max, out=out, **kwargs)
           ^^^^^^^^^^^^^^^^^^^^^^^^^^^^^^^^^^^^^^^
numpy._core._exceptions._UFuncInputCastingError: Cannot cast ufunc 'clip' input 1 from dtype('<U2') to dtype('float64') with casting rule 'same_kind'
2026-03-09 17:57:38,368 ERROR root AnyIO worker thread : Tile generation failed for 13/6687/3376
Traceback (most recent call last):
  File "D:\GIS_Project\.venv\Lib\site-packages\numpy\_core\fromnumeric.py", line 54, in _wrapfunc
    return bound(*args, **kwds)
           ^^^^^^^^^^^^^^^^^^^^
  File "D:\GIS_Project\.venv\Lib\site-packages\numpy\_core\_methods.py", line 113, in _clip
    return um.clip(a, min, max, out=out, **kwargs)
           ^^^^^^^^^^^^^^^^^^^^^^^^^^^^^^^^^^^^^^^
numpy._core._exceptions._UFuncInputCastingError: Cannot cast ufunc 'clip' input 1 from dtype('<U2') to dtype('float64') with casting rule 'same_kind'

During handling of the above exception, another exception occurred:

Traceback (most recent call last):
  File "D:\GIS_Project\backend\main.py", line 111, in get_tile
    img.rescale(in_range=(("2%", "98%"),))
  File "D:\GIS_Project\.venv\Lib\site-packages\rio_tiler\models.py", line 602, in rescale
    self.array = rescale_image(
                 ^^^^^^^^^^^^^^
  File "D:\GIS_Project\.venv\Lib\site-packages\rio_tiler\models.py", line 120, in rescale_image
    linear_rescale(
  File "D:\GIS_Project\.venv\Lib\site-packages\rio_tiler\utils.py", line 512, in linear_rescale
    im = numpy.clip(image, imin, imax, dtype=numpy.float64) - imin
         ^^^^^^^^^^^^^^^^^^^^^^^^^^^^^^^^^^^^^^^^^^^^^^^^^^
  File "D:\GIS_Project\.venv\Lib\site-packages\numpy\_core\fromnumeric.py", line 2296, in clip
    return _wrapfunc(a, 'clip', a_min, a_max, out=out, **kwargs)
           ^^^^^^^^^^^^^^^^^^^^^^^^^^^^^^^^^^^^^^^^^^^^^^^^^^^^^
  File "D:\GIS_Project\.venv\Lib\site-packages\numpy\_core\fromnumeric.py", line 63, in _wrapfunc
    return _wrapit(obj, method, *args, **kwds)
           ^^^^^^^^^^^^^^^^^^^^^^^^^^^^^^^^^^^
  File "D:\GIS_Project\.venv\Lib\site-packages\numpy\_core\fromnumeric.py", line 43, in _wrapit
    result = getattr(arr, method)(*args, **kwds)
             ^^^^^^^^^^^^^^^^^^^^^^^^^^^^^^^^^^^
  File "D:\GIS_Project\.venv\Lib\site-packages\numpy\_core\_methods.py", line 113, in _clip
    return um.clip(a, min, max, out=out, **kwargs)
           ^^^^^^^^^^^^^^^^^^^^^^^^^^^^^^^^^^^^^^^
numpy._core._exceptions._UFuncInputCastingError: Cannot cast ufunc 'clip' input 1 from dtype('<U2') to dtype('float64') with casting rule 'same_kind'
2026-03-09 17:57:38,408 ERROR root AnyIO worker thread : Tile generation failed for 13/6687/3373
Traceback (most recent call last):
  File "D:\GIS_Project\.venv\Lib\site-packages\numpy\_core\fromnumeric.py", line 54, in _wrapfunc
    return bound(*args, **kwds)
           ^^^^^^^^^^^^^^^^^^^^
  File "D:\GIS_Project\.venv\Lib\site-packages\numpy\_core\_methods.py", line 113, in _clip
    return um.clip(a, min, max, out=out, **kwargs)
           ^^^^^^^^^^^^^^^^^^^^^^^^^^^^^^^^^^^^^^^
numpy._core._exceptions._UFuncInputCastingError: Cannot cast ufunc 'clip' input 1 from dtype('<U2') to dtype('float64') with casting rule 'same_kind'

During handling of the above exception, another exception occurred:

Traceback (most recent call last):
  File "D:\GIS_Project\backend\main.py", line 111, in get_tile
    img.rescale(in_range=(("2%", "98%"),))
  File "D:\GIS_Project\.venv\Lib\site-packages\rio_tiler\models.py", line 602, in rescale
    self.array = rescale_image(
                 ^^^^^^^^^^^^^^
  File "D:\GIS_Project\.venv\Lib\site-packages\rio_tiler\models.py", line 120, in rescale_image
    linear_rescale(
  File "D:\GIS_Project\.venv\Lib\site-packages\rio_tiler\utils.py", line 512, in linear_rescale
    im = numpy.clip(image, imin, imax, dtype=numpy.float64) - imin
         ^^^^^^^^^^^^^^^^^^^^^^^^^^^^^^^^^^^^^^^^^^^^^^^^^^
  File "D:\GIS_Project\.venv\Lib\site-packages\numpy\_core\fromnumeric.py", line 2296, in clip
    return _wrapfunc(a, 'clip', a_min, a_max, out=out, **kwargs)
           ^^^^^^^^^^^^^^^^^^^^^^^^^^^^^^^^^^^^^^^^^^^^^^^^^^^^^
  File "D:\GIS_Project\.venv\Lib\site-packages\numpy\_core\fromnumeric.py", line 63, in _wrapfunc
    return _wrapit(obj, method, *args, **kwds)
           ^^^^^^^^^^^^^^^^^^^^^^^^^^^^^^^^^^^
  File "D:\GIS_Project\.venv\Lib\site-packages\numpy\_core\fromnumeric.py", line 43, in _wrapit
    result = getattr(arr, method)(*args, **kwds)
             ^^^^^^^^^^^^^^^^^^^^^^^^^^^^^^^^^^^
  File "D:\GIS_Project\.venv\Lib\site-packages\numpy\_core\_methods.py", line 113, in _clip
    return um.clip(a, min, max, out=out, **kwargs)
           ^^^^^^^^^^^^^^^^^^^^^^^^^^^^^^^^^^^^^^^
numpy._core._exceptions._UFuncInputCastingError: Cannot cast ufunc 'clip' input 1 from dtype('<U2') to dtype('float64') with casting rule 'same_kind'
2026-03-09 17:57:38,466 ERROR root AnyIO worker thread : Tile generation failed for 13/6684/3375
Traceback (most recent call last):
  File "D:\GIS_Project\.venv\Lib\site-packages\numpy\_core\fromnumeric.py", line 54, in _wrapfunc
    return bound(*args, **kwds)
           ^^^^^^^^^^^^^^^^^^^^
  File "D:\GIS_Project\.venv\Lib\site-packages\numpy\_core\_methods.py", line 113, in _clip
    return um.clip(a, min, max, out=out, **kwargs)
           ^^^^^^^^^^^^^^^^^^^^^^^^^^^^^^^^^^^^^^^
numpy._core._exceptions._UFuncInputCastingError: Cannot cast ufunc 'clip' input 1 from dtype('<U2') to dtype('float64') with casting rule 'same_kind'

During handling of the above exception, another exception occurred:

Traceback (most recent call last):
  File "D:\GIS_Project\backend\main.py", line 111, in get_tile
    img.rescale(in_range=(("2%", "98%"),))
  File "D:\GIS_Project\.venv\Lib\site-packages\rio_tiler\models.py", line 602, in rescale
    self.array = rescale_image(
                 ^^^^^^^^^^^^^^
  File "D:\GIS_Project\.venv\Lib\site-packages\rio_tiler\models.py", line 120, in rescale_image
    linear_rescale(
  File "D:\GIS_Project\.venv\Lib\site-packages\rio_tiler\utils.py", line 512, in linear_rescale
    im = numpy.clip(image, imin, imax, dtype=numpy.float64) - imin
         ^^^^^^^^^^^^^^^^^^^^^^^^^^^^^^^^^^^^^^^^^^^^^^^^^^
  File "D:\GIS_Project\.venv\Lib\site-packages\numpy\_core\fromnumeric.py", line 2296, in clip
    return _wrapfunc(a, 'clip', a_min, a_max, out=out, **kwargs)
           ^^^^^^^^^^^^^^^^^^^^^^^^^^^^^^^^^^^^^^^^^^^^^^^^^^^^^
  File "D:\GIS_Project\.venv\Lib\site-packages\numpy\_core\fromnumeric.py", line 63, in _wrapfunc
    return _wrapit(obj, method, *args, **kwds)
           ^^^^^^^^^^^^^^^^^^^^^^^^^^^^^^^^^^^
  File "D:\GIS_Project\.venv\Lib\site-packages\numpy\_core\fromnumeric.py", line 43, in _wrapit
    result = getattr(arr, method)(*args, **kwds)
             ^^^^^^^^^^^^^^^^^^^^^^^^^^^^^^^^^^^
  File "D:\GIS_Project\.venv\Lib\site-packages\numpy\_core\_methods.py", line 113, in _clip
    return um.clip(a, min, max, out=out, **kwargs)
           ^^^^^^^^^^^^^^^^^^^^^^^^^^^^^^^^^^^^^^^
numpy._core._exceptions._UFuncInputCastingError: Cannot cast ufunc 'clip' input 1 from dtype('<U2') to dtype('float64') with casting rule 'same_kind'
2026-03-09 17:57:38,472 ERROR root AnyIO worker thread : Tile generation failed for 13/6688/3375
Traceback (most recent call last):
  File "D:\GIS_Project\.venv\Lib\site-packages\numpy\_core\fromnumeric.py", line 54, in _wrapfunc
    return bound(*args, **kwds)
           ^^^^^^^^^^^^^^^^^^^^
  File "D:\GIS_Project\.venv\Lib\site-packages\numpy\_core\_methods.py", line 113, in _clip
    return um.clip(a, min, max, out=out, **kwargs)
           ^^^^^^^^^^^^^^^^^^^^^^^^^^^^^^^^^^^^^^^
numpy._core._exceptions._UFuncInputCastingError: Cannot cast ufunc 'clip' input 1 from dtype('<U2') to dtype('float64') with casting rule 'same_kind'

During handling of the above exception, another exception occurred:

Traceback (most recent call last):
  File "D:\GIS_Project\backend\main.py", line 111, in get_tile
    img.rescale(in_range=(("2%", "98%"),))
  File "D:\GIS_Project\.venv\Lib\site-packages\rio_tiler\models.py", line 602, in rescale
    self.array = rescale_image(
                 ^^^^^^^^^^^^^^
  File "D:\GIS_Project\.venv\Lib\site-packages\rio_tiler\models.py", line 120, in rescale_image
    linear_rescale(
  File "D:\GIS_Project\.venv\Lib\site-packages\rio_tiler\utils.py", line 512, in linear_rescale
    im = numpy.clip(image, imin, imax, dtype=numpy.float64) - imin
         ^^^^^^^^^^^^^^^^^^^^^^^^^^^^^^^^^^^^^^^^^^^^^^^^^^
  File "D:\GIS_Project\.venv\Lib\site-packages\numpy\_core\fromnumeric.py", line 2296, in clip
    return _wrapfunc(a, 'clip', a_min, a_max, out=out, **kwargs)
           ^^^^^^^^^^^^^^^^^^^^^^^^^^^^^^^^^^^^^^^^^^^^^^^^^^^^^
  File "D:\GIS_Project\.venv\Lib\site-packages\numpy\_core\fromnumeric.py", line 63, in _wrapfunc
    return _wrapit(obj, method, *args, **kwds)
           ^^^^^^^^^^^^^^^^^^^^^^^^^^^^^^^^^^^
  File "D:\GIS_Project\.venv\Lib\site-packages\numpy\_core\fromnumeric.py", line 43, in _wrapit
    result = getattr(arr, method)(*args, **kwds)
             ^^^^^^^^^^^^^^^^^^^^^^^^^^^^^^^^^^^
  File "D:\GIS_Project\.venv\Lib\site-packages\numpy\_core\_methods.py", line 113, in _clip
    return um.clip(a, min, max, out=out, **kwargs)
           ^^^^^^^^^^^^^^^^^^^^^^^^^^^^^^^^^^^^^^^
numpy._core._exceptions._UFuncInputCastingError: Cannot cast ufunc 'clip' input 1 from dtype('<U2') to dtype('float64') with casting rule 'same_kind'
2026-03-09 17:57:38,538 ERROR root AnyIO worker thread : Tile generation failed for 13/6688/3374
Traceback (most recent call last):
  File "D:\GIS_Project\.venv\Lib\site-packages\numpy\_core\fromnumeric.py", line 54, in _wrapfunc
    return bound(*args, **kwds)
           ^^^^^^^^^^^^^^^^^^^^
  File "D:\GIS_Project\.venv\Lib\site-packages\numpy\_core\_methods.py", line 113, in _clip
    return um.clip(a, min, max, out=out, **kwargs)
           ^^^^^^^^^^^^^^^^^^^^^^^^^^^^^^^^^^^^^^^
numpy._core._exceptions._UFuncInputCastingError: Cannot cast ufunc 'clip' input 1 from dtype('<U2') to dtype('float64') with casting rule 'same_kind'

During handling of the above exception, another exception occurred:

Traceback (most recent call last):
  File "D:\GIS_Project\backend\main.py", line 111, in get_tile
    img.rescale(in_range=(("2%", "98%"),))
  File "D:\GIS_Project\.venv\Lib\site-packages\rio_tiler\models.py", line 602, in rescale
    self.array = rescale_image(
                 ^^^^^^^^^^^^^^
  File "D:\GIS_Project\.venv\Lib\site-packages\rio_tiler\models.py", line 120, in rescale_image
    linear_rescale(
  File "D:\GIS_Project\.venv\Lib\site-packages\rio_tiler\utils.py", line 512, in linear_rescale
    im = numpy.clip(image, imin, imax, dtype=numpy.float64) - imin
         ^^^^^^^^^^^^^^^^^^^^^^^^^^^^^^^^^^^^^^^^^^^^^^^^^^
  File "D:\GIS_Project\.venv\Lib\site-packages\numpy\_core\fromnumeric.py", line 2296, in clip
    return _wrapfunc(a, 'clip', a_min, a_max, out=out, **kwargs)
           ^^^^^^^^^^^^^^^^^^^^^^^^^^^^^^^^^^^^^^^^^^^^^^^^^^^^^
  File "D:\GIS_Project\.venv\Lib\site-packages\numpy\_core\fromnumeric.py", line 63, in _wrapfunc
    return _wrapit(obj, method, *args, **kwds)
           ^^^^^^^^^^^^^^^^^^^^^^^^^^^^^^^^^^^
  File "D:\GIS_Project\.venv\Lib\site-packages\numpy\_core\fromnumeric.py", line 43, in _wrapit
    result = getattr(arr, method)(*args, **kwds)
             ^^^^^^^^^^^^^^^^^^^^^^^^^^^^^^^^^^^
  File "D:\GIS_Project\.venv\Lib\site-packages\numpy\_core\_methods.py", line 113, in _clip
    return um.clip(a, min, max, out=out, **kwargs)
           ^^^^^^^^^^^^^^^^^^^^^^^^^^^^^^^^^^^^^^^
numpy._core._exceptions._UFuncInputCastingError: Cannot cast ufunc 'clip' input 1 from dtype('<U2') to dtype('float64') with casting rule 'same_kind'
2026-03-09 17:57:38,560 ERROR root AnyIO worker thread : Tile generation failed for 13/6684/3374
Traceback (most recent call last):
  File "D:\GIS_Project\.venv\Lib\site-packages\numpy\_core\fromnumeric.py", line 54, in _wrapfunc
    return bound(*args, **kwds)
           ^^^^^^^^^^^^^^^^^^^^
  File "D:\GIS_Project\.venv\Lib\site-packages\numpy\_core\_methods.py", line 113, in _clip
    return um.clip(a, min, max, out=out, **kwargs)
           ^^^^^^^^^^^^^^^^^^^^^^^^^^^^^^^^^^^^^^^
numpy._core._exceptions._UFuncInputCastingError: Cannot cast ufunc 'clip' input 1 from dtype('<U2') to dtype('float64') with casting rule 'same_kind'

During handling of the above exception, another exception occurred:

Traceback (most recent call last):
  File "D:\GIS_Project\backend\main.py", line 111, in get_tile
    img.rescale(in_range=(("2%", "98%"),))
  File "D:\GIS_Project\.venv\Lib\site-packages\rio_tiler\models.py", line 602, in rescale
    self.array = rescale_image(
                 ^^^^^^^^^^^^^^
  File "D:\GIS_Project\.venv\Lib\site-packages\rio_tiler\models.py", line 120, in rescale_image
    linear_rescale(
  File "D:\GIS_Project\.venv\Lib\site-packages\rio_tiler\utils.py", line 512, in linear_rescale
    im = numpy.clip(image, imin, imax, dtype=numpy.float64) - imin
         ^^^^^^^^^^^^^^^^^^^^^^^^^^^^^^^^^^^^^^^^^^^^^^^^^^
  File "D:\GIS_Project\.venv\Lib\site-packages\numpy\_core\fromnumeric.py", line 2296, in clip
    return _wrapfunc(a, 'clip', a_min, a_max, out=out, **kwargs)
           ^^^^^^^^^^^^^^^^^^^^^^^^^^^^^^^^^^^^^^^^^^^^^^^^^^^^^
  File "D:\GIS_Project\.venv\Lib\site-packages\numpy\_core\fromnumeric.py", line 63, in _wrapfunc
    return _wrapit(obj, method, *args, **kwds)
           ^^^^^^^^^^^^^^^^^^^^^^^^^^^^^^^^^^^
  File "D:\GIS_Project\.venv\Lib\site-packages\numpy\_core\fromnumeric.py", line 43, in _wrapit
    result = getattr(arr, method)(*args, **kwds)
             ^^^^^^^^^^^^^^^^^^^^^^^^^^^^^^^^^^^
  File "D:\GIS_Project\.venv\Lib\site-packages\numpy\_core\_methods.py", line 113, in _clip
    return um.clip(a, min, max, out=out, **kwargs)
           ^^^^^^^^^^^^^^^^^^^^^^^^^^^^^^^^^^^^^^^
numpy._core._exceptions._UFuncInputCastingError: Cannot cast ufunc 'clip' input 1 from dtype('<U2') to dtype('float64') with casting rule 'same_kind'
2026-03-09 17:57:38,638 ERROR root AnyIO worker thread : Tile generation failed for 13/6684/3376
Traceback (most recent call last):
  File "D:\GIS_Project\.venv\Lib\site-packages\numpy\_core\fromnumeric.py", line 54, in _wrapfunc
    return bound(*args, **kwds)
           ^^^^^^^^^^^^^^^^^^^^
  File "D:\GIS_Project\.venv\Lib\site-packages\numpy\_core\_methods.py", line 113, in _clip
    return um.clip(a, min, max, out=out, **kwargs)
           ^^^^^^^^^^^^^^^^^^^^^^^^^^^^^^^^^^^^^^^
numpy._core._exceptions._UFuncInputCastingError: Cannot cast ufunc 'clip' input 1 from dtype('<U2') to dtype('float64') with casting rule 'same_kind'

During handling of the above exception, another exception occurred:

Traceback (most recent call last):
  File "D:\GIS_Project\backend\main.py", line 111, in get_tile
    img.rescale(in_range=(("2%", "98%"),))
  File "D:\GIS_Project\.venv\Lib\site-packages\rio_tiler\models.py", line 602, in rescale
    self.array = rescale_image(
                 ^^^^^^^^^^^^^^
  File "D:\GIS_Project\.venv\Lib\site-packages\rio_tiler\models.py", line 120, in rescale_image
    linear_rescale(
  File "D:\GIS_Project\.venv\Lib\site-packages\rio_tiler\utils.py", line 512, in linear_rescale
    im = numpy.clip(image, imin, imax, dtype=numpy.float64) - imin
         ^^^^^^^^^^^^^^^^^^^^^^^^^^^^^^^^^^^^^^^^^^^^^^^^^^
  File "D:\GIS_Project\.venv\Lib\site-packages\numpy\_core\fromnumeric.py", line 2296, in clip
    return _wrapfunc(a, 'clip', a_min, a_max, out=out, **kwargs)
           ^^^^^^^^^^^^^^^^^^^^^^^^^^^^^^^^^^^^^^^^^^^^^^^^^^^^^
  File "D:\GIS_Project\.venv\Lib\site-packages\numpy\_core\fromnumeric.py", line 63, in _wrapfunc
    return _wrapit(obj, method, *args, **kwds)
           ^^^^^^^^^^^^^^^^^^^^^^^^^^^^^^^^^^^
  File "D:\GIS_Project\.venv\Lib\site-packages\numpy\_core\fromnumeric.py", line 43, in _wrapit
    result = getattr(arr, method)(*args, **kwds)
             ^^^^^^^^^^^^^^^^^^^^^^^^^^^^^^^^^^^
  File "D:\GIS_Project\.venv\Lib\site-packages\numpy\_core\_methods.py", line 113, in _clip
    return um.clip(a, min, max, out=out, **kwargs)
           ^^^^^^^^^^^^^^^^^^^^^^^^^^^^^^^^^^^^^^^
numpy._core._exceptions._UFuncInputCastingError: Cannot cast ufunc 'clip' input 1 from dtype('<U2') to dtype('float64') with casting rule 'same_kind'
2026-03-09 17:57:38,645 ERROR root AnyIO worker thread : Tile generation failed for 13/6688/3376
Traceback (most recent call last):
  File "D:\GIS_Project\.venv\Lib\site-packages\numpy\_core\fromnumeric.py", line 54, in _wrapfunc
    return bound(*args, **kwds)
           ^^^^^^^^^^^^^^^^^^^^
  File "D:\GIS_Project\.venv\Lib\site-packages\numpy\_core\_methods.py", line 113, in _clip
    return um.clip(a, min, max, out=out, **kwargs)
           ^^^^^^^^^^^^^^^^^^^^^^^^^^^^^^^^^^^^^^^
numpy._core._exceptions._UFuncInputCastingError: Cannot cast ufunc 'clip' input 1 from dtype('<U2') to dtype('float64') with casting rule 'same_kind'

During handling of the above exception, another exception occurred:

Traceback (most recent call last):
  File "D:\GIS_Project\backend\main.py", line 111, in get_tile
    img.rescale(in_range=(("2%", "98%"),))
  File "D:\GIS_Project\.venv\Lib\site-packages\rio_tiler\models.py", line 602, in rescale
    self.array = rescale_image(
                 ^^^^^^^^^^^^^^
  File "D:\GIS_Project\.venv\Lib\site-packages\rio_tiler\models.py", line 120, in rescale_image
    linear_rescale(
  File "D:\GIS_Project\.venv\Lib\site-packages\rio_tiler\utils.py", line 512, in linear_rescale
    im = numpy.clip(image, imin, imax, dtype=numpy.float64) - imin
         ^^^^^^^^^^^^^^^^^^^^^^^^^^^^^^^^^^^^^^^^^^^^^^^^^^
  File "D:\GIS_Project\.venv\Lib\site-packages\numpy\_core\fromnumeric.py", line 2296, in clip
    return _wrapfunc(a, 'clip', a_min, a_max, out=out, **kwargs)
           ^^^^^^^^^^^^^^^^^^^^^^^^^^^^^^^^^^^^^^^^^^^^^^^^^^^^^
  File "D:\GIS_Project\.venv\Lib\site-packages\numpy\_core\fromnumeric.py", line 63, in _wrapfunc
    return _wrapit(obj, method, *args, **kwds)
           ^^^^^^^^^^^^^^^^^^^^^^^^^^^^^^^^^^^
  File "D:\GIS_Project\.venv\Lib\site-packages\numpy\_core\fromnumeric.py", line 43, in _wrapit
    result = getattr(arr, method)(*args, **kwds)
             ^^^^^^^^^^^^^^^^^^^^^^^^^^^^^^^^^^^
  File "D:\GIS_Project\.venv\Lib\site-packages\numpy\_core\_methods.py", line 113, in _clip
    return um.clip(a, min, max, out=out, **kwargs)
           ^^^^^^^^^^^^^^^^^^^^^^^^^^^^^^^^^^^^^^^
numpy._core._exceptions._UFuncInputCastingError: Cannot cast ufunc 'clip' input 1 from dtype('<U2') to dtype('float64') with casting rule 'same_kind'
2026-03-09 17:57:38,660 ERROR root AnyIO worker thread : Tile generation failed for 13/6684/3373
Traceback (most recent call last):
  File "D:\GIS_Project\.venv\Lib\site-packages\numpy\_core\fromnumeric.py", line 54, in _wrapfunc
    return bound(*args, **kwds)
           ^^^^^^^^^^^^^^^^^^^^
  File "D:\GIS_Project\.venv\Lib\site-packages\numpy\_core\_methods.py", line 113, in _clip
    return um.clip(a, min, max, out=out, **kwargs)
           ^^^^^^^^^^^^^^^^^^^^^^^^^^^^^^^^^^^^^^^
numpy._core._exceptions._UFuncInputCastingError: Cannot cast ufunc 'clip' input 1 from dtype('<U2') to dtype('float64') with casting rule 'same_kind'

During handling of the above exception, another exception occurred:

Traceback (most recent call last):
  File "D:\GIS_Project\backend\main.py", line 111, in get_tile
    img.rescale(in_range=(("2%", "98%"),))
  File "D:\GIS_Project\.venv\Lib\site-packages\rio_tiler\models.py", line 602, in rescale
    self.array = rescale_image(
                 ^^^^^^^^^^^^^^
  File "D:\GIS_Project\.venv\Lib\site-packages\rio_tiler\models.py", line 120, in rescale_image
    linear_rescale(
  File "D:\GIS_Project\.venv\Lib\site-packages\rio_tiler\utils.py", line 512, in linear_rescale
    im = numpy.clip(image, imin, imax, dtype=numpy.float64) - imin
         ^^^^^^^^^^^^^^^^^^^^^^^^^^^^^^^^^^^^^^^^^^^^^^^^^^
  File "D:\GIS_Project\.venv\Lib\site-packages\numpy\_core\fromnumeric.py", line 2296, in clip
    return _wrapfunc(a, 'clip', a_min, a_max, out=out, **kwargs)
           ^^^^^^^^^^^^^^^^^^^^^^^^^^^^^^^^^^^^^^^^^^^^^^^^^^^^^
  File "D:\GIS_Project\.venv\Lib\site-packages\numpy\_core\fromnumeric.py", line 63, in _wrapfunc
    return _wrapit(obj, method, *args, **kwds)
           ^^^^^^^^^^^^^^^^^^^^^^^^^^^^^^^^^^^
  File "D:\GIS_Project\.venv\Lib\site-packages\numpy\_core\fromnumeric.py", line 43, in _wrapit
    result = getattr(arr, method)(*args, **kwds)
             ^^^^^^^^^^^^^^^^^^^^^^^^^^^^^^^^^^^
  File "D:\GIS_Project\.venv\Lib\site-packages\numpy\_core\_methods.py", line 113, in _clip
    return um.clip(a, min, max, out=out, **kwargs)
           ^^^^^^^^^^^^^^^^^^^^^^^^^^^^^^^^^^^^^^^
numpy._core._exceptions._UFuncInputCastingError: Cannot cast ufunc 'clip' input 1 from dtype('<U2') to dtype('float64') with casting rule 'same_kind'
2026-03-09 17:57:38,679 ERROR root AnyIO worker thread : Tile generation failed for 13/6688/3373
Traceback (most recent call last):
  File "D:\GIS_Project\.venv\Lib\site-packages\numpy\_core\fromnumeric.py", line 54, in _wrapfunc
    return bound(*args, **kwds)
           ^^^^^^^^^^^^^^^^^^^^
  File "D:\GIS_Project\.venv\Lib\site-packages\numpy\_core\_methods.py", line 113, in _clip
    return um.clip(a, min, max, out=out, **kwargs)
           ^^^^^^^^^^^^^^^^^^^^^^^^^^^^^^^^^^^^^^^
numpy._core._exceptions._UFuncInputCastingError: Cannot cast ufunc 'clip' input 1 from dtype('<U2') to dtype('float64') with casting rule 'same_kind'

During handling of the above exception, another exception occurred:

Traceback (most recent call last):
  File "D:\GIS_Project\backend\main.py", line 111, in get_tile
    img.rescale(in_range=(("2%", "98%"),))
  File "D:\GIS_Project\.venv\Lib\site-packages\rio_tiler\models.py", line 602, in rescale
    self.array = rescale_image(
                 ^^^^^^^^^^^^^^
  File "D:\GIS_Project\.venv\Lib\site-packages\rio_tiler\models.py", line 120, in rescale_image
    linear_rescale(
  File "D:\GIS_Project\.venv\Lib\site-packages\rio_tiler\utils.py", line 512, in linear_rescale
    im = numpy.clip(image, imin, imax, dtype=numpy.float64) - imin
         ^^^^^^^^^^^^^^^^^^^^^^^^^^^^^^^^^^^^^^^^^^^^^^^^^^
  File "D:\GIS_Project\.venv\Lib\site-packages\numpy\_core\fromnumeric.py", line 2296, in clip
    return _wrapfunc(a, 'clip', a_min, a_max, out=out, **kwargs)
           ^^^^^^^^^^^^^^^^^^^^^^^^^^^^^^^^^^^^^^^^^^^^^^^^^^^^^
  File "D:\GIS_Project\.venv\Lib\site-packages\numpy\_core\fromnumeric.py", line 63, in _wrapfunc
    return _wrapit(obj, method, *args, **kwds)
           ^^^^^^^^^^^^^^^^^^^^^^^^^^^^^^^^^^^
  File "D:\GIS_Project\.venv\Lib\site-packages\numpy\_core\fromnumeric.py", line 43, in _wrapit
    result = getattr(arr, method)(*args, **kwds)
             ^^^^^^^^^^^^^^^^^^^^^^^^^^^^^^^^^^^
  File "D:\GIS_Project\.venv\Lib\site-packages\numpy\_core\_methods.py", line 113, in _clip
    return um.clip(a, min, max, out=out, **kwargs)
           ^^^^^^^^^^^^^^^^^^^^^^^^^^^^^^^^^^^^^^^
numpy._core._exceptions._UFuncInputCastingError: Cannot cast ufunc 'clip' input 1 from dtype('<U2') to dtype('float64') with casting rule 'same_kind'
2026-03-21 16:24:23,983 ERROR root AnyIO worker thread : Tile generation failed for 12/3305/1748
Traceback (most recent call last):
  File "D:\GIS_Project\backend\main.py", line 136, in get_tile
    content = generate_tile_content(year, z, x, y)
              ^^^^^^^^^^^^^^^^^^^^^^^^^^^^^^^^^^^^
  File "D:\GIS_Project\backend\main.py", line 88, in generate_tile_content
    img = src.tile(x, y, z, indexes=(1, 2, 3))
          ^^^^^^^^^^^^^^^^^^^^^^^^^^^^^^^^^^^^
  File "D:\GIS_Project\.venv\Lib\site-packages\rio_tiler\io\rasterio.py", line 280, in tile
    raise TileOutsideBounds(
rio_tiler.errors.TileOutsideBounds: Tile(x=3305, y=1748, z=12) is outside bounds
2026-03-29 21:07:10,107 ERROR root MainThread : Failed to read prediction excel
Traceback (most recent call last):
  File "C:\Users\louie\AppData\Local\Programs\Python\Python311\Lib\site-packages\pandas\compat\_optional.py", line 135, in import_optional_dependency
    module = importlib.import_module(name)
             ^^^^^^^^^^^^^^^^^^^^^^^^^^^^^
  File "C:\Users\louie\AppData\Local\Programs\Python\Python311\Lib\importlib\__init__.py", line 126, in import_module
    return _bootstrap._gcd_import(name[level:], package, level)
           ^^^^^^^^^^^^^^^^^^^^^^^^^^^^^^^^^^^^^^^^^^^^^^^^^^^^
  File "<frozen importlib._bootstrap>", line 1206, in _gcd_import
  File "<frozen importlib._bootstrap>", line 1178, in _find_and_load
  File "<frozen importlib._bootstrap>", line 1142, in _find_and_load_unlocked
ModuleNotFoundError: No module named 'openpyxl'

During handling of the above exception, another exception occurred:

Traceback (most recent call last):
  File "D:\GIS_Project\backend\main.py", line 112, in load_real_predictions
    df = pd.read_excel(PREDICTION_XLSX_PATH, sheet_name=0)
         ^^^^^^^^^^^^^^^^^^^^^^^^^^^^^^^^^^^^^^^^^^^^^^^^^
  File "C:\Users\louie\AppData\Local\Programs\Python\Python311\Lib\site-packages\pandas\io\excel\_base.py", line 495, in read_excel
    io = ExcelFile(
         ^^^^^^^^^^
  File "C:\Users\louie\AppData\Local\Programs\Python\Python311\Lib\site-packages\pandas\io\excel\_base.py", line 1567, in __init__
    self._reader = self._engines[engine](
                   ^^^^^^^^^^^^^^^^^^^^^^
  File "C:\Users\louie\AppData\Local\Programs\Python\Python311\Lib\site-packages\pandas\io\excel\_openpyxl.py", line 552, in __init__
    import_optional_dependency("openpyxl")
  File "C:\Users\louie\AppData\Local\Programs\Python\Python311\Lib\site-packages\pandas\compat\_optional.py", line 138, in import_optional_dependency
    raise ImportError(msg)
ImportError: Missing optional dependency 'openpyxl'.  Use pip or conda to install openpyxl.
2026-03-29 21:07:10,155 ERROR root MainThread : Failed to read feature importance file: D:\GIS_Project\backend\data\特征重要性\18_19.xlsx
Traceback (most recent call last):
  File "C:\Users\louie\AppData\Local\Programs\Python\Python311\Lib\site-packages\pandas\compat\_optional.py", line 135, in import_optional_dependency
    module = importlib.import_module(name)
             ^^^^^^^^^^^^^^^^^^^^^^^^^^^^^
  File "C:\Users\louie\AppData\Local\Programs\Python\Python311\Lib\importlib\__init__.py", line 126, in import_module
    return _bootstrap._gcd_import(name[level:], package, level)
           ^^^^^^^^^^^^^^^^^^^^^^^^^^^^^^^^^^^^^^^^^^^^^^^^^^^^
  File "<frozen importlib._bootstrap>", line 1206, in _gcd_import
  File "<frozen importlib._bootstrap>", line 1178, in _find_and_load
  File "<frozen importlib._bootstrap>", line 1142, in _find_and_load_unlocked
ModuleNotFoundError: No module named 'openpyxl'

During handling of the above exception, another exception occurred:

Traceback (most recent call last):
  File "D:\GIS_Project\backend\main.py", line 192, in load_feature_importance_data
    df = pd.read_excel(file_path, sheet_name=0)
         ^^^^^^^^^^^^^^^^^^^^^^^^^^^^^^^^^^^^^^
  File "C:\Users\louie\AppData\Local\Programs\Python\Python311\Lib\site-packages\pandas\io\excel\_base.py", line 495, in read_excel
    io = ExcelFile(
         ^^^^^^^^^^
  File "C:\Users\louie\AppData\Local\Programs\Python\Python311\Lib\site-packages\pandas\io\excel\_base.py", line 1567, in __init__
    self._reader = self._engines[engine](
                   ^^^^^^^^^^^^^^^^^^^^^^
  File "C:\Users\louie\AppData\Local\Programs\Python\Python311\Lib\site-packages\pandas\io\excel\_openpyxl.py", line 552, in __init__
    import_optional_dependency("openpyxl")
  File "C:\Users\louie\AppData\Local\Programs\Python\Python311\Lib\site-packages\pandas\compat\_optional.py", line 138, in import_optional_dependency
    raise ImportError(msg)
ImportError: Missing optional dependency 'openpyxl'.  Use pip or conda to install openpyxl.
2026-03-29 21:07:10,158 ERROR root MainThread : Failed to read feature importance file: D:\GIS_Project\backend\data\特征重要性\19_20.xlsx
Traceback (most recent call last):
  File "C:\Users\louie\AppData\Local\Programs\Python\Python311\Lib\site-packages\pandas\compat\_optional.py", line 135, in import_optional_dependency
    module = importlib.import_module(name)
             ^^^^^^^^^^^^^^^^^^^^^^^^^^^^^
  File "C:\Users\louie\AppData\Local\Programs\Python\Python311\Lib\importlib\__init__.py", line 126, in import_module
    return _bootstrap._gcd_import(name[level:], package, level)
           ^^^^^^^^^^^^^^^^^^^^^^^^^^^^^^^^^^^^^^^^^^^^^^^^^^^^
  File "<frozen importlib._bootstrap>", line 1206, in _gcd_import
  File "<frozen importlib._bootstrap>", line 1178, in _find_and_load
  File "<frozen importlib._bootstrap>", line 1142, in _find_and_load_unlocked
ModuleNotFoundError: No module named 'openpyxl'

During handling of the above exception, another exception occurred:

Traceback (most recent call last):
  File "D:\GIS_Project\backend\main.py", line 192, in load_feature_importance_data
    df = pd.read_excel(file_path, sheet_name=0)
         ^^^^^^^^^^^^^^^^^^^^^^^^^^^^^^^^^^^^^^
  File "C:\Users\louie\AppData\Local\Programs\Python\Python311\Lib\site-packages\pandas\io\excel\_base.py", line 495, in read_excel
    io = ExcelFile(
         ^^^^^^^^^^
  File "C:\Users\louie\AppData\Local\Programs\Python\Python311\Lib\site-packages\pandas\io\excel\_base.py", line 1567, in __init__
    self._reader = self._engines[engine](
                   ^^^^^^^^^^^^^^^^^^^^^^
  File "C:\Users\louie\AppData\Local\Programs\Python\Python311\Lib\site-packages\pandas\io\excel\_openpyxl.py", line 552, in __init__
    import_optional_dependency("openpyxl")
  File "C:\Users\louie\AppData\Local\Programs\Python\Python311\Lib\site-packages\pandas\compat\_optional.py", line 138, in import_optional_dependency
    raise ImportError(msg)
ImportError: Missing optional dependency 'openpyxl'.  Use pip or conda to install openpyxl.
2026-03-29 21:07:10,160 ERROR root MainThread : Failed to read feature importance file: D:\GIS_Project\backend\data\特征重要性\20_21.xlsx
Traceback (most recent call last):
  File "C:\Users\louie\AppData\Local\Programs\Python\Python311\Lib\site-packages\pandas\compat\_optional.py", line 135, in import_optional_dependency
    module = importlib.import_module(name)
             ^^^^^^^^^^^^^^^^^^^^^^^^^^^^^
  File "C:\Users\louie\AppData\Local\Programs\Python\Python311\Lib\importlib\__init__.py", line 126, in import_module
    return _bootstrap._gcd_import(name[level:], package, level)
           ^^^^^^^^^^^^^^^^^^^^^^^^^^^^^^^^^^^^^^^^^^^^^^^^^^^^
  File "<frozen importlib._bootstrap>", line 1206, in _gcd_import
  File "<frozen importlib._bootstrap>", line 1178, in _find_and_load
  File "<frozen importlib._bootstrap>", line 1142, in _find_and_load_unlocked
ModuleNotFoundError: No module named 'openpyxl'

During handling of the above exception, another exception occurred:

Traceback (most recent call last):
  File "D:\GIS_Project\backend\main.py", line 192, in load_feature_importance_data
    df = pd.read_excel(file_path, sheet_name=0)
         ^^^^^^^^^^^^^^^^^^^^^^^^^^^^^^^^^^^^^^
  File "C:\Users\louie\AppData\Local\Programs\Python\Python311\Lib\site-packages\pandas\io\excel\_base.py", line 495, in read_excel
    io = ExcelFile(
         ^^^^^^^^^^
  File "C:\Users\louie\AppData\Local\Programs\Python\Python311\Lib\site-packages\pandas\io\excel\_base.py", line 1567, in __init__
    self._reader = self._engines[engine](
                   ^^^^^^^^^^^^^^^^^^^^^^
  File "C:\Users\louie\AppData\Local\Programs\Python\Python311\Lib\site-packages\pandas\io\excel\_openpyxl.py", line 552, in __init__
    import_optional_dependency("openpyxl")
  File "C:\Users\louie\AppData\Local\Programs\Python\Python311\Lib\site-packages\pandas\compat\_optional.py", line 138, in import_optional_dependency
    raise ImportError(msg)
ImportError: Missing optional dependency 'openpyxl'.  Use pip or conda to install openpyxl.
2026-03-29 21:07:10,161 ERROR root MainThread : Failed to read feature importance file: D:\GIS_Project\backend\data\特征重要性\21_22.xlsx
Traceback (most recent call last):
  File "C:\Users\louie\AppData\Local\Programs\Python\Python311\Lib\site-packages\pandas\compat\_optional.py", line 135, in import_optional_dependency
    module = importlib.import_module(name)
             ^^^^^^^^^^^^^^^^^^^^^^^^^^^^^
  File "C:\Users\louie\AppData\Local\Programs\Python\Python311\Lib\importlib\__init__.py", line 126, in import_module
    return _bootstrap._gcd_import(name[level:], package, level)
           ^^^^^^^^^^^^^^^^^^^^^^^^^^^^^^^^^^^^^^^^^^^^^^^^^^^^
  File "<frozen importlib._bootstrap>", line 1206, in _gcd_import
  File "<frozen importlib._bootstrap>", line 1178, in _find_and_load
  File "<frozen importlib._bootstrap>", line 1142, in _find_and_load_unlocked
ModuleNotFoundError: No module named 'openpyxl'

During handling of the above exception, another exception occurred:

Traceback (most recent call last):
  File "D:\GIS_Project\backend\main.py", line 192, in load_feature_importance_data
    df = pd.read_excel(file_path, sheet_name=0)
         ^^^^^^^^^^^^^^^^^^^^^^^^^^^^^^^^^^^^^^
  File "C:\Users\louie\AppData\Local\Programs\Python\Python311\Lib\site-packages\pandas\io\excel\_base.py", line 495, in read_excel
    io = ExcelFile(
         ^^^^^^^^^^
  File "C:\Users\louie\AppData\Local\Programs\Python\Python311\Lib\site-packages\pandas\io\excel\_base.py", line 1567, in __init__
    self._reader = self._engines[engine](
                   ^^^^^^^^^^^^^^^^^^^^^^
  File "C:\Users\louie\AppData\Local\Programs\Python\Python311\Lib\site-packages\pandas\io\excel\_openpyxl.py", line 552, in __init__
    import_optional_dependency("openpyxl")
  File "C:\Users\louie\AppData\Local\Programs\Python\Python311\Lib\site-packages\pandas\compat\_optional.py", line 138, in import_optional_dependency
    raise ImportError(msg)
ImportError: Missing optional dependency 'openpyxl'.  Use pip or conda to install openpyxl.
2026-03-29 21:08:02,162 ERROR root MainThread : Failed to read prediction excel
Traceback (most recent call last):
  File "C:\Users\louie\AppData\Local\Programs\Python\Python311\Lib\site-packages\pandas\compat\_optional.py", line 135, in import_optional_dependency
    module = importlib.import_module(name)
             ^^^^^^^^^^^^^^^^^^^^^^^^^^^^^
  File "C:\Users\louie\AppData\Local\Programs\Python\Python311\Lib\importlib\__init__.py", line 126, in import_module
    return _bootstrap._gcd_import(name[level:], package, level)
           ^^^^^^^^^^^^^^^^^^^^^^^^^^^^^^^^^^^^^^^^^^^^^^^^^^^^
  File "<frozen importlib._bootstrap>", line 1206, in _gcd_import
  File "<frozen importlib._bootstrap>", line 1178, in _find_and_load
  File "<frozen importlib._bootstrap>", line 1142, in _find_and_load_unlocked
ModuleNotFoundError: No module named 'openpyxl'

During handling of the above exception, another exception occurred:

Traceback (most recent call last):
  File "D:\GIS_Project\backend\main.py", line 112, in load_real_predictions
    df = pd.read_excel(PREDICTION_XLSX_PATH, sheet_name=0)
         ^^^^^^^^^^^^^^^^^^^^^^^^^^^^^^^^^^^^^^^^^^^^^^^^^
  File "C:\Users\louie\AppData\Local\Programs\Python\Python311\Lib\site-packages\pandas\io\excel\_base.py", line 495, in read_excel
    io = ExcelFile(
         ^^^^^^^^^^
  File "C:\Users\louie\AppData\Local\Programs\Python\Python311\Lib\site-packages\pandas\io\excel\_base.py", line 1567, in __init__
    self._reader = self._engines[engine](
                   ^^^^^^^^^^^^^^^^^^^^^^
  File "C:\Users\louie\AppData\Local\Programs\Python\Python311\Lib\site-packages\pandas\io\excel\_openpyxl.py", line 552, in __init__
    import_optional_dependency("openpyxl")
  File "C:\Users\louie\AppData\Local\Programs\Python\Python311\Lib\site-packages\pandas\compat\_optional.py", line 138, in import_optional_dependency
    raise ImportError(msg)
ImportError: Missing optional dependency 'openpyxl'.  Use pip or conda to install openpyxl.
2026-03-29 21:08:02,165 ERROR root MainThread : Failed to read feature importance file: D:\GIS_Project\backend\data\特征重要性\18_19.xlsx
Traceback (most recent call last):
  File "C:\Users\louie\AppData\Local\Programs\Python\Python311\Lib\site-packages\pandas\compat\_optional.py", line 135, in import_optional_dependency
    module = importlib.import_module(name)
             ^^^^^^^^^^^^^^^^^^^^^^^^^^^^^
  File "C:\Users\louie\AppData\Local\Programs\Python\Python311\Lib\importlib\__init__.py", line 126, in import_module
    return _bootstrap._gcd_import(name[level:], package, level)
           ^^^^^^^^^^^^^^^^^^^^^^^^^^^^^^^^^^^^^^^^^^^^^^^^^^^^
  File "<frozen importlib._bootstrap>", line 1206, in _gcd_import
  File "<frozen importlib._bootstrap>", line 1178, in _find_and_load
  File "<frozen importlib._bootstrap>", line 1142, in _find_and_load_unlocked
ModuleNotFoundError: No module named 'openpyxl'

During handling of the above exception, another exception occurred:

Traceback (most recent call last):
  File "D:\GIS_Project\backend\main.py", line 192, in load_feature_importance_data
    df = pd.read_excel(file_path, sheet_name=0)
         ^^^^^^^^^^^^^^^^^^^^^^^^^^^^^^^^^^^^^^
  File "C:\Users\louie\AppData\Local\Programs\Python\Python311\Lib\site-packages\pandas\io\excel\_base.py", line 495, in read_excel
    io = ExcelFile(
         ^^^^^^^^^^
  File "C:\Users\louie\AppData\Local\Programs\Python\Python311\Lib\site-packages\pandas\io\excel\_base.py", line 1567, in __init__
    self._reader = self._engines[engine](
                   ^^^^^^^^^^^^^^^^^^^^^^
  File "C:\Users\louie\AppData\Local\Programs\Python\Python311\Lib\site-packages\pandas\io\excel\_openpyxl.py", line 552, in __init__
    import_optional_dependency("openpyxl")
  File "C:\Users\louie\AppData\Local\Programs\Python\Python311\Lib\site-packages\pandas\compat\_optional.py", line 138, in import_optional_dependency
    raise ImportError(msg)
ImportError: Missing optional dependency 'openpyxl'.  Use pip or conda to install openpyxl.
2026-03-29 21:08:02,167 ERROR root MainThread : Failed to read feature importance file: D:\GIS_Project\backend\data\特征重要性\19_20.xlsx
Traceback (most recent call last):
  File "C:\Users\louie\AppData\Local\Programs\Python\Python311\Lib\site-packages\pandas\compat\_optional.py", line 135, in import_optional_dependency
    module = importlib.import_module(name)
             ^^^^^^^^^^^^^^^^^^^^^^^^^^^^^
  File "C:\Users\louie\AppData\Local\Programs\Python\Python311\Lib\importlib\__init__.py", line 126, in import_module
    return _bootstrap._gcd_import(name[level:], package, level)
           ^^^^^^^^^^^^^^^^^^^^^^^^^^^^^^^^^^^^^^^^^^^^^^^^^^^^
  File "<frozen importlib._bootstrap>", line 1206, in _gcd_import
  File "<frozen importlib._bootstrap>", line 1178, in _find_and_load
  File "<frozen importlib._bootstrap>", line 1142, in _find_and_load_unlocked
ModuleNotFoundError: No module named 'openpyxl'

During handling of the above exception, another exception occurred:

Traceback (most recent call last):
  File "D:\GIS_Project\backend\main.py", line 192, in load_feature_importance_data
    df = pd.read_excel(file_path, sheet_name=0)
         ^^^^^^^^^^^^^^^^^^^^^^^^^^^^^^^^^^^^^^
  File "C:\Users\louie\AppData\Local\Programs\Python\Python311\Lib\site-packages\pandas\io\excel\_base.py", line 495, in read_excel
    io = ExcelFile(
         ^^^^^^^^^^
  File "C:\Users\louie\AppData\Local\Programs\Python\Python311\Lib\site-packages\pandas\io\excel\_base.py", line 1567, in __init__
    self._reader = self._engines[engine](
                   ^^^^^^^^^^^^^^^^^^^^^^
  File "C:\Users\louie\AppData\Local\Programs\Python\Python311\Lib\site-packages\pandas\io\excel\_openpyxl.py", line 552, in __init__
    import_optional_dependency("openpyxl")
  File "C:\Users\louie\AppData\Local\Programs\Python\Python311\Lib\site-packages\pandas\compat\_optional.py", line 138, in import_optional_dependency
    raise ImportError(msg)
ImportError: Missing optional dependency 'openpyxl'.  Use pip or conda to install openpyxl.
2026-03-29 21:08:02,168 ERROR root MainThread : Failed to read feature importance file: D:\GIS_Project\backend\data\特征重要性\20_21.xlsx
Traceback (most recent call last):
  File "C:\Users\louie\AppData\Local\Programs\Python\Python311\Lib\site-packages\pandas\compat\_optional.py", line 135, in import_optional_dependency
    module = importlib.import_module(name)
             ^^^^^^^^^^^^^^^^^^^^^^^^^^^^^
  File "C:\Users\louie\AppData\Local\Programs\Python\Python311\Lib\importlib\__init__.py", line 126, in import_module
    return _bootstrap._gcd_import(name[level:], package, level)
           ^^^^^^^^^^^^^^^^^^^^^^^^^^^^^^^^^^^^^^^^^^^^^^^^^^^^
  File "<frozen importlib._bootstrap>", line 1206, in _gcd_import
  File "<frozen importlib._bootstrap>", line 1178, in _find_and_load
  File "<frozen importlib._bootstrap>", line 1142, in _find_and_load_unlocked
ModuleNotFoundError: No module named 'openpyxl'

During handling of the above exception, another exception occurred:

Traceback (most recent call last):
  File "D:\GIS_Project\backend\main.py", line 192, in load_feature_importance_data
    df = pd.read_excel(file_path, sheet_name=0)
         ^^^^^^^^^^^^^^^^^^^^^^^^^^^^^^^^^^^^^^
  File "C:\Users\louie\AppData\Local\Programs\Python\Python311\Lib\site-packages\pandas\io\excel\_base.py", line 495, in read_excel
    io = ExcelFile(
         ^^^^^^^^^^
  File "C:\Users\louie\AppData\Local\Programs\Python\Python311\Lib\site-packages\pandas\io\excel\_base.py", line 1567, in __init__
    self._reader = self._engines[engine](
                   ^^^^^^^^^^^^^^^^^^^^^^
  File "C:\Users\louie\AppData\Local\Programs\Python\Python311\Lib\site-packages\pandas\io\excel\_openpyxl.py", line 552, in __init__
    import_optional_dependency("openpyxl")
  File "C:\Users\louie\AppData\Local\Programs\Python\Python311\Lib\site-packages\pandas\compat\_optional.py", line 138, in import_optional_dependency
    raise ImportError(msg)
ImportError: Missing optional dependency 'openpyxl'.  Use pip or conda to install openpyxl.
2026-03-29 21:08:02,169 ERROR root MainThread : Failed to read feature importance file: D:\GIS_Project\backend\data\特征重要性\21_22.xlsx
Traceback (most recent call last):
  File "C:\Users\louie\AppData\Local\Programs\Python\Python311\Lib\site-packages\pandas\compat\_optional.py", line 135, in import_optional_dependency
    module = importlib.import_module(name)
             ^^^^^^^^^^^^^^^^^^^^^^^^^^^^^
  File "C:\Users\louie\AppData\Local\Programs\Python\Python311\Lib\importlib\__init__.py", line 126, in import_module
    return _bootstrap._gcd_import(name[level:], package, level)
           ^^^^^^^^^^^^^^^^^^^^^^^^^^^^^^^^^^^^^^^^^^^^^^^^^^^^
  File "<frozen importlib._bootstrap>", line 1206, in _gcd_import
  File "<frozen importlib._bootstrap>", line 1178, in _find_and_load
  File "<frozen importlib._bootstrap>", line 1142, in _find_and_load_unlocked
ModuleNotFoundError: No module named 'openpyxl'

During handling of the above exception, another exception occurred:

Traceback (most recent call last):
  File "D:\GIS_Project\backend\main.py", line 192, in load_feature_importance_data
    df = pd.read_excel(file_path, sheet_name=0)
         ^^^^^^^^^^^^^^^^^^^^^^^^^^^^^^^^^^^^^^
  File "C:\Users\louie\AppData\Local\Programs\Python\Python311\Lib\site-packages\pandas\io\excel\_base.py", line 495, in read_excel
    io = ExcelFile(
         ^^^^^^^^^^
  File "C:\Users\louie\AppData\Local\Programs\Python\Python311\Lib\site-packages\pandas\io\excel\_base.py", line 1567, in __init__
    self._reader = self._engines[engine](
                   ^^^^^^^^^^^^^^^^^^^^^^
  File "C:\Users\louie\AppData\Local\Programs\Python\Python311\Lib\site-packages\pandas\io\excel\_openpyxl.py", line 552, in __init__
    import_optional_dependency("openpyxl")
  File "C:\Users\louie\AppData\Local\Programs\Python\Python311\Lib\site-packages\pandas\compat\_optional.py", line 138, in import_optional_dependency
    raise ImportError(msg)
ImportError: Missing optional dependency 'openpyxl'.  Use pip or conda to install openpyxl.
